// Jest Snapshot v1, https://goo.gl/fbAQLP

exports[`<All /> renders correctly 1`] = `
<div
  className="css-1b9l8d"
>
  <h1>
    All
  </h1>
  <table>
    <thead>
      <tr>
        <th>
          id
        </th>
        <th>
          name
        </th>
        <th>
          password
        </th>
      </tr>
    </thead>
    <tbody />
  </table>
</div>
`;
