// Jest Snapshot v1, https://goo.gl/fbAQLP

exports[`<Error404 /> Renders correctly 1`] = `
<div
  className="css-145grdo"
>
  <div
    className="sketch"
  >
    <div
      className="bee-sketch red"
    />
    <div
      className="bee-sketch blue"
    />
  </div>
  <h1>
    404:
    <small>
      Players Not Found
    </small>
  </h1>
</div>
`;
